// Jest Snapshot v1, https://goo.gl/fbAQLP

exports[`Home Screen Snapshot 1`] = `
<RNCSafeAreaView
  edges={
    Array [
      "bottom",
      "left",
      "right",
      "top",
    ]
  }
  style={
    Object {
      "flex": 1,
    }
  }
>
  <RCTScrollView
    style={
      Object {
        "flex": 1,
        "paddingHorizontal": 16,
        "paddingTop": 10,
      }
    }
  >
    <View>
      <Text
        style={
          Object {
            "fontSize": 32,
            "fontWeight": "bold",
            "textAlign": "center",
          }
        }
      >
        Edit Inventory
      </Text>
      <View
        style={
          Object {
            "marginTop": 100,
          }
        }
      >
        <TextInput
          onBlur={[Function]}
          onChangeText={[Function]}
          placeholder="Name"
          style={
            Object {
              "backgroundColor": "white",
              "borderRadius": 8,
              "paddingLeft": 10,
            }
          }
          value=""
        />
        <View
          style={
            Object {
              "height": 20,
            }
          }
        />
        <TextInput
          keyboardType="numeric"
          onBlur={[Function]}
          onChangeText={[Function]}
          placeholder="Total Stock"
          style={
            Object {
              "backgroundColor": "white",
              "borderRadius": 8,
              "paddingLeft": 10,
            }
          }
          value=""
        />
        <View
          style={
            Object {
              "height": 20,
            }
          }
        />
        <TextInput
          keyboardType="numeric"
          onBlur={[Function]}
          onChangeText={[Function]}
          placeholder="Price"
          style={
            Object {
              "backgroundColor": "white",
              "borderRadius": 8,
              "paddingLeft": 10,
            }
          }
          value=""
        />
        <View
          style={
            Object {
              "height": 20,
            }
          }
        />
        <TextInput
          onBlur={[Function]}
          onChangeText={[Function]}
          placeholder="Description"
          style={
            Object {
              "backgroundColor": "white",
              "borderRadius": 8,
              "paddingLeft": 10,
            }
          }
          value=""
        />
        <View
          style={
            Object {
              "height": 100,
            }
          }
        />
        <View
          accessible={true}
          collapsable={false}
          focusable={true}
          onClick={[Function]}
          onResponderGrant={[Function]}
          onResponderMove={[Function]}
          onResponderRelease={[Function]}
          onResponderTerminate={[Function]}
          onResponderTerminationRequest={[Function]}
          onStartShouldSetResponder={[Function]}
          style={
            Object {
              "alignItems": "center",
              "backgroundColor": "#279AF1",
              "borderRadius": 8,
              "height": 50,
              "justifyContent": "center",
              "opacity": 1,
              "width": "100%",
            }
          }
        >
          <Text
            style={
              Array [
                Object {
                  "fontWeight": "600",
                  "textTransform": "uppercase",
                },
                Object {
                  "color": "white",
                },
              ]
            }
          >
            Edit Inventory
          </Text>
        </View>
        <View
          style={
            Object {
              "height": 20,
            }
          }
        />
        <View
          accessible={true}
          collapsable={false}
          focusable={true}
          onClick={[Function]}
          onResponderGrant={[Function]}
          onResponderMove={[Function]}
          onResponderRelease={[Function]}
          onResponderTerminate={[Function]}
          onResponderTerminationRequest={[Function]}
          onStartShouldSetResponder={[Function]}
          style={
            Object {
              "alignItems": "center",
              "backgroundColor": "#BFC0C0",
              "borderRadius": 8,
              "height": 50,
              "justifyContent": "center",
              "opacity": 1,
              "width": "100%",
            }
          }
          testID="delete-button"
        >
          <Text
            style={
              Array [
                Object {
                  "fontWeight": "600",
                  "textTransform": "uppercase",
                },
                Object {
                  "color": "black",
                },
              ]
            }
          >
            Delete Inventory
          </Text>
        </View>
      </View>
    </View>
  </RCTScrollView>
</RNCSafeAreaView>
`;
